Lattice Timing Report -  Setup  and Hold, Version Radiant Software (64-bit) 2023.1.0.43.3

Mon Dec  4 14:13:44 2023

Copyright (c) 1991-1994 by NeoCAD Inc. All rights reserved.
Copyright (c) 1995 AT&T Corp.   All rights reserved.
Copyright (c) 1995-2001 Lucent Technologies Inc.  All rights reserved.
Copyright (c) 2001 Agere Systems   All rights reserved.
Copyright (c) 2002-2023 Lattice Semiconductor Corporation,  All rights reserved.

Command line:    timing -sethld -v 10 -u 10 -endpoints 10 -nperend 1 -sp High-Performance_1.2V -hsp m -pwrprd -html -rpt collisions_and_rotations_impl_1.twr collisions_and_rotations_impl_1.udb -gui

-----------------------------------------
Design:          master
Family:          iCE40UP
Device:          iCE40UP5K
Package:         SG48
Performance:     High-Performance_1.2V
Package Status:                     Preliminary    Version 1.5
**Performance Hardware Data Status :   Advanced Version 1.0
-----------------------------------------


=====================================================================
                    Table of Contents
=====================================================================
    1  DESIGN CHECKING
        1.1  SDC Constraints
        1.2  Constraint Coverage
        1.3  Overall Summary
        1.4  Unconstrained Report
        1.5  Combinational Loop
        1.6  Error/Warning Messages
    2  Setup at Speed Grade High-Performance_1.2V Corner at 100 Degrees
        2.1  Clock Summary
        2.2  Endpoint slacks
        2.3  Detailed Report
    3  Hold at Speed Grade m Corner at -40 Degrees
        3.1  Endpoint slacks
        3.2  Detailed Report

=====================================================================
                    End of Table of Contents
=====================================================================

==============================================
1  DESIGN CHECKING
==============================================

1.1  SDC Constraints
=====================
[IGNORED:]create_generated_clock -name {clk} -source [get_pins clock_manager_portmap.pll_portmap.lscc_pll_inst.u_PLL_B/REFERENCECLK] -divide_by 32 -multiply_by 67 [get_pins clock_manager_portmap.pll_portmap.lscc_pll_inst.u_PLL_B/OUTGLOBAL]

1.2  Constraint Coverage
---------------------------
Constraint Coverage: 0%


1.3  Overall Summary
---------------------------
 Setup at Speed Grade High-Performance_1.2V Corner at 100 Degrees     Timing Errors: 0 endpoints;  Total Negative Slack: 0.000 ns 
 Hold at Speed Grade m Corner at -40 Degrees                          Timing Errors: 0 endpoints;  Total Negative Slack: 0.000 ns 

1.4  Unconstrained Report
===========================

1.4.1  Unconstrained Start/End Points
--------------------------------------

Clocked but unconstrained timing start points
--------------------------------------------------
There is no start point satisfying reporting criteria


Clocked but unconstrained timing end points
-------------------------------------------------------------------
         Listing 10 End Points          |           Type           
-------------------------------------------------------------------
vga_sync_portmap/rgb_row_9__I_0_2/D     |    No arrival or required
vga_sync_portmap/rgb_row_9__I_0_2/SP    |    No arrival or required
vga_sync_portmap/rgb_row_9__I_0_2/SR    |    No arrival or required
vga_sync_portmap/rgb_row_9__I_1/D       |    No arrival or required
vga_sync_portmap/rgb_row_9__I_2/D       |    No arrival or required
{vga_sync_portmap/rgb_row_9__I_2/SP   vga_sync_portmap/rgb_row_9__I_1/SP}                           
                                        |    No arrival or required
{vga_sync_portmap/rgb_row_9__I_2/SR   vga_sync_portmap/rgb_row_9__I_1/SR}                           
                                        |    No arrival or required
vga_sync_portmap/rgb_row_9__I_3/D       |    No arrival or required
vga_sync_portmap/rgb_row_9__I_4/D       |    No arrival or required
{vga_sync_portmap/rgb_row_9__I_4/SP   vga_sync_portmap/rgb_row_9__I_3/SP}                           
                                        |    No arrival or required
-------------------------------------------------------------------
                                        |                          
Number of unconstrained timing end poin |                          
ts                                      |                        58
                                        |                          
-------------------------------------------------------------------

1.4.2  Start/End Points Without Timing Constraints
---------------------------------------------------

I/O ports without constraint
----------------------------
Possible constraints to use on I/O ports are:
set_input_delay,
set_output_delay,
set_max_delay,
create_clock,
create_generated_clock,
...

-------------------------------------------------------------------
     Listing 10 Start or End Points     |           Type           
-------------------------------------------------------------------
ctrlr_data                              |                     input
osc                                     |                     input
rotate_out                              |                    output
ctrlr_clk                               |                    output
ctrlr_latch                             |                    output
vsync                                   |                    output
hsync                                   |                    output
rgb[0]                                  |                    output
rgb[1]                                  |                    output
rgb[2]                                  |                    output
-------------------------------------------------------------------
                                        |                          
Number of I/O ports without constraint  |                        13
                                        |                          
-------------------------------------------------------------------

Nets without clock definition
Define a clock on a top level port or a generated clock on a clock divider pin associated with this net(s).
-------------------------------------------------------------------
            Listing 2 Net(s)            |        Source pin        
-------------------------------------------------------------------
ctrlr_clk_c                             |nes_controller_portmap/ctrlr_clk_c_I_0/Z
vga_sync_clk_portmap.valid_output       |vga_sync_clk_portmap/rgb_row_9__I_0/Z
-------------------------------------------------------------------
                                        |                          
Number of clock nets without clock defi |                          
nition                                  |                         2
                                        |                          
-------------------------------------------------------------------


1.5  Combinational Loop
========================
Combinational Loops
-------------------
++++ Loop1
nes_controller_portmap/shift_reg_3__I_0/B	->	nes_controller_portmap/shift_reg_3__I_0/Z


1.6  Error/Warning Messages
============================
WARNING "70001944" - No master clock for
	generated clock	create_generated_clock -name {clk} -source [get_pins {clock_manager_portmap/pll_portmap/lscc_pll_inst/u_PLL_B/REFERENCECLK}] -multiply_by 67 -divide_by 32 [get_pins {clock_manager_portmap/pll_portmap/lscc_pll_inst/u_PLL_B/OUTGLOBAL }] .

===============================================================
2  Setup at Speed Grade High-Performance_1.2V Corner at 100 Degrees
===============================================================

2.1  Clock Summary
=======================

2.1.1 Clock "clk"
=======================
create_generated_clock -name {clk} -source [get_pins {clock_manager_portmap/pll_portmap/lscc_pll_inst/u_PLL_B/REFERENCECLK}] -multiply_by 67 -divide_by 32 [get_pins {clock_manager_portmap/pll_portmap/lscc_pll_inst/u_PLL_B/OUTGLOBAL }] 

Single Clock Domain
-------------------------------------------------------------------------------------------------------
               Clock clk                |                    |       Period       |     Frequency      
-------------------------------------------------------------------------------------------------------
 From clk                               |             Target |               +INF |          0.000 MHz 
                                        | Actual (all paths) |               ---- |               ---- 
-------------------------------------------------------------------------------------------------------

Clock Domain Crossing

2.2  Endpoint slacks
=======================
--------------------------------------------------
There is no end point satisfying reporting criteria

Total Negative Slack: 0


2.3  Detailed Report
=======================


XXXXXXXXXXXXXXXXXXXXXXXXXXXXXXXXXXXXXXXXXXXXXXXXXXXXXXXXXX

Detail report of critical paths

XXXXXXXXXXXXXXXXXXXXXXXXXXXXXXXXXXXXXXXXXXXXXXXXXXXXXXXXXX

 +++++++++++++++++++++++++++++++++++++++++++++++++++++++++++++++++++++
                    Detailed Report for timing paths 
 +++++++++++++++++++++++++++++++++++++++++++++++++++++++++++++++++++++
 +++++++++++++++++++++++++++++++++++++++++++++++++++++++++++++++++++++
                    End of Detailed Report for timing paths 
 +++++++++++++++++++++++++++++++++++++++++++++++++++++++++++++++++++++


##########################################################



===============================================================
3  Hold at Speed Grade m Corner at -40 Degrees
===============================================================

3.1  Endpoint slacks
=======================
--------------------------------------------------
There is no end point satisfying reporting criteria

Total Negative Slack: 0


3.2  Detailed Report
=======================


XXXXXXXXXXXXXXXXXXXXXXXXXXXXXXXXXXXXXXXXXXXXXXXXXXXXXXXXXX

Detail report of critical paths

XXXXXXXXXXXXXXXXXXXXXXXXXXXXXXXXXXXXXXXXXXXXXXXXXXXXXXXXXX

 +++++++++++++++++++++++++++++++++++++++++++++++++++++++++++++++++++++
                    Detailed Report for timing paths 
 +++++++++++++++++++++++++++++++++++++++++++++++++++++++++++++++++++++
 +++++++++++++++++++++++++++++++++++++++++++++++++++++++++++++++++++++
                    End of Detailed Report for timing paths 
 +++++++++++++++++++++++++++++++++++++++++++++++++++++++++++++++++++++


##########################################################



